------ Rebuild All started: Project: Updater, Configuration: Release x86 ------
  Updater -> C:\Development\Transit\2.0\Updater\bin\Release\Updater.exe
------ Starting pre-build validation for project 'Setup' ------ 
------ Pre-build validation for project 'Setup' completed ------
------ Rebuild All started: Project: Setup, Configuration: Release ------
Building file 'C:\Development\Transit\2.0\Setup\Release\Transit.msi'...
WARNING: The target version of the .NET Framework in the project does not match the .NET Framework launch condition version '.NET Framework 4 Client Profile'. Update the version of the .NET Framework launch condition to match the target version of the.NET Framework in the Advanced Compile Options Dialog Box (VB) or the Application Page (C#, F#).
Packaging file 'Updater.exe'...
Packaging file 'Updater.exe.config'...
Packaging file 'transit.ico'...
========== Rebuild All: 2 succeeded, 0 failed, 0 skipped ==========

------ Rebuild All started: Project: Updater, Configuration: Release x86 ------
  Updater -> C:\Development\Transit\2.0\Updater\bin\Release\Updater.exe
------ Starting pre-build validation for project 'Setup' ------ 
------ Pre-build validation for project 'Setup' completed ------
------ Rebuild All started: Project: Setup, Configuration: Release ------
Building file 'C:\Development\Transit\2.0\Setup\Release\Transit.msi'...
WARNING: The target version of the .NET Framework in the project does not match the .NET Framework launch condition version '.NET Framework 4 Client Profile'. Update the version of the .NET Framework launch condition to match the target version of the.NET Framework in the Advanced Compile Options Dialog Box (VB) or the Application Page (C#, F#).
Packaging file 'Updater.exe'...
Packaging file 'Updater.exe.config'...
Packaging file 'transit.ico'...
========== Rebuild All: 2 succeeded, 0 failed, 0 skipped ==========

------ Rebuild All started: Project: Updater, Configuration: Release x86 ------
  Updater -> C:\Development\Transit\2.0\Updater\bin\Release\Updater.exe
------ Starting pre-build validation for project 'Setup' ------ 
------ Pre-build validation for project 'Setup' completed ------
------ Rebuild All started: Project: Setup, Configuration: Release ------
Building file 'C:\Development\Transit\2.0\Setup\Release\Transit.msi'...
WARNING: The target version of the .NET Framework in the project does not match the .NET Framework launch condition version '.NET Framework 4 Client Profile'. Update the version of the .NET Framework launch condition to match the target version of the.NET Framework in the Advanced Compile Options Dialog Box (VB) or the Application Page (C#, F#).
Packaging file 'Updater.exe'...
Packaging file 'Updater.exe.config'...
Packaging file 'transit.ico'...
========== Rebuild All: 2 succeeded, 0 failed, 0 skipped ==========

------ Rebuild All started: Project: Updater, Configuration: Release x86 ------
  Updater -> C:\Development\Transit\2.0\Updater\bin\Release\Updater.exe
------ Starting pre-build validation for project 'Setup' ------ 
------ Pre-build validation for project 'Setup' completed ------
------ Rebuild All started: Project: Setup, Configuration: Release ------
Building file 'C:\Development\Transit\2.0\Setup\Release\Transit.msi'...
WARNING: The target version of the .NET Framework in the project does not match the .NET Framework launch condition version '.NET Framework 4 Client Profile'. Update the version of the .NET Framework launch condition to match the target version of the.NET Framework in the Advanced Compile Options Dialog Box (VB) or the Application Page (C#, F#).
Packaging file 'Updater.exe'...
Packaging file 'Updater.exe.config'...
Packaging file 'transit.ico'...
========== Rebuild All: 2 succeeded, 0 failed, 0 skipped ==========

------ Rebuild All started: Project: Common, Configuration: Release Any CPU ------
  Common -> C:\Development\Transit\2.0\Common\bin\Release\Transit.Common.dll
------ Rebuild All started: Project: Reader, Configuration: Release Any CPU ------
  Reader -> C:\Development\Transit\2.0\Reader\bin\Release\Transit.Reader.dll
------ Rebuild All started: Project: Importer, Configuration: Release x86 ------
  Importer -> C:\Development\Transit\2.0\Importer\bin\Release\Transit.Importer.exe
------ Rebuild All started: Project: Analysis, Configuration: Release Any CPU ------
  Analysis -> C:\Development\Transit\2.0\Analysis\bin\Release\Transit.Analysis.exe
------ Rebuild All started: Project: Inspector, Configuration: Release x86 ------
  Inspector -> C:\Development\Transit\2.0\Inspector\bin\Release\Transit.Inspector.exe
------ Rebuild All started: Project: Governor, Configuration: Release x86 ------
  Governor -> C:\Development\Transit\2.0\Governor\bin\Release\Transit.Governor.exe
------ Starting pre-build validation for project 'Setup' ------ 
WARNING: Unable to find dependency 'SYSTEM.DATA.SQLITE' (Signature='DB937BC2D44FF139' Version='1.0.74.0') of assembly 'GMap.NET.Core.dll'
------ Pre-build validation for project 'Setup' completed ------
------ Rebuild All started: Project: Setup, Configuration: Release ------
Building file 'C:\Development\Transit\2.0\Setup\Release\Transit.msi'...
WARNING: The target version of the .NET Framework in the project does not match the .NET Framework launch condition version '.NET Framework 4 Client Profile'. Update the version of the .NET Framework launch condition to match the target version of the.NET Framework in the Advanced Compile Options Dialog Box (VB) or the Application Page (C#, F#).
Packaging file 'Transit.Importer.exe'...
Packaging file 'protobuf-net.dll'...
Packaging file 'Transit.Governor.exe.config'...
Packaging file 'GMap.NET.WindowsForms.dll'...
Packaging file 'Transit.Reader.dll'...
Packaging file 'Transit.Governor.exe'...
Packaging file 'transit.ico'...
Packaging file 'Transit.Analysis.exe'...
Packaging file 'GMap.NET.Core.dll'...
Packaging file 'log4net.dll'...
Packaging file 'Transit.Inspector.exe'...
Packaging file 'Transit.Common.dll'...
========== Rebuild All: 7 succeeded, 0 failed, 0 skipped ==========

